{"timestamp":"2025-11-27T14:00:12.021Z","level":"ERROR","message":"Database connection failed","data":{"error":"getaddrinfo ENOTFOUND mysql.railway.internal","host":"mysql.railway.internal","database":"railway"}}
{"timestamp":"2025-11-27T14:00:12.023Z","level":"INFO","message":"Server running on port 5000","data":{"port":"5000"}}
{"timestamp":"2025-11-27T14:01:49.858Z","level":"ERROR","message":"Database connection failed","data":{"error":"getaddrinfo ENOTFOUND mysql.railway.internal","host":"mysql.railway.internal","database":"railway"}}
{"timestamp":"2025-11-27T14:01:49.860Z","level":"INFO","message":"Server running on port 5000","data":{"port":"5000"}}
{"timestamp":"2025-11-28T04:01:52.250Z","level":"INFO","message":"Database synced successfully"}
{"timestamp":"2025-11-28T04:01:52.253Z","level":"INFO","message":"Server running on port 5000","data":{"port":"5000"}}
{"timestamp":"2025-11-28T04:24:04.759Z","level":"INFO","message":"Database synced successfully"}
{"timestamp":"2025-11-28T04:24:04.762Z","level":"INFO","message":"Server running on port 5000","data":{"port":"5000"}}
{"timestamp":"2025-11-28T04:24:35.238Z","level":"INFO","message":"[GET] /api/lodging-bookings","data":{"method":"GET","path":"/api/lodging-bookings","url":"/api/lodging-bookings","ip":"::1","userAgent":"curl/8.5.0","headers":{}}}
{"timestamp":"2025-11-28T04:25:57.319Z","level":"INFO","message":"Database synced successfully"}
{"timestamp":"2025-11-28T04:25:57.323Z","level":"INFO","message":"Server running on port 5000","data":{"port":"5000"}}
{"timestamp":"2025-11-28T04:27:04.252Z","level":"INFO","message":"Database synced successfully"}
{"timestamp":"2025-11-28T04:27:44.289Z","level":"INFO","message":"[GET] /api/lodging-bookings","data":{"method":"GET","path":"/api/lodging-bookings","url":"/api/lodging-bookings","ip":"::1","userAgent":"curl/8.5.0","headers":{}}}
{"timestamp":"2025-11-28T04:27:44.300Z","level":"INFO","message":"[GET] /api/lodging-bookings - Status 200","data":{"statusCode":200,"duration":"11ms","responseBody":[]}}
{"timestamp":"2025-11-28T04:27:44.301Z","level":"INFO","message":"[GET] /api/lodging-bookings - Status 200","data":{"statusCode":200,"duration":"12ms"}}
{"timestamp":"2025-11-28T04:27:44.312Z","level":"INFO","message":"[GET] /api/conference-bookings","data":{"method":"GET","path":"/api/conference-bookings","url":"/api/conference-bookings","ip":"::1","userAgent":"curl/8.5.0","headers":{}}}
{"timestamp":"2025-11-28T04:27:44.314Z","level":"INFO","message":"[GET] /api/conference-bookings - Status 200","data":{"statusCode":200,"duration":"2ms","responseBody":[]}}
{"timestamp":"2025-11-28T04:27:44.314Z","level":"INFO","message":"[GET] /api/conference-bookings - Status 200","data":{"statusCode":200,"duration":"2ms"}}
{"timestamp":"2025-11-28T04:39:42.836Z","level":"INFO","message":"Database synced successfully"}
{"timestamp":"2025-11-28T04:39:42.839Z","level":"INFO","message":"Server running on port 5000","data":{"port":"5000"}}
{"timestamp":"2025-11-28T04:39:55.207Z","level":"INFO","message":"Database synced successfully"}
{"timestamp":"2025-11-28T04:39:55.209Z","level":"INFO","message":"Server running on port 5000","data":{"port":"5000"}}
{"timestamp":"2025-11-28T04:40:07.048Z","level":"INFO","message":"Database synced successfully"}
{"timestamp":"2025-11-28T04:40:07.051Z","level":"INFO","message":"Server running on port 5000","data":{"port":"5000"}}
{"timestamp":"2025-11-28T04:40:20.603Z","level":"INFO","message":"Database synced successfully"}
{"timestamp":"2025-11-28T04:40:20.605Z","level":"INFO","message":"Server running on port 5000","data":{"port":"5000"}}
{"timestamp":"2025-11-28T04:40:37.360Z","level":"INFO","message":"Database synced successfully"}
{"timestamp":"2025-11-28T04:40:37.363Z","level":"INFO","message":"Server running on port 5000","data":{"port":"5000"}}
{"timestamp":"2025-11-28T04:40:49.017Z","level":"INFO","message":"Database synced successfully"}
{"timestamp":"2025-11-28T04:40:49.020Z","level":"INFO","message":"Server running on port 5000","data":{"port":"5000"}}
{"timestamp":"2025-11-28T04:41:37.515Z","level":"INFO","message":"Database synced successfully"}
{"timestamp":"2025-11-28T04:41:37.517Z","level":"INFO","message":"Server running on port 5000","data":{"port":"5000"}}
{"timestamp":"2025-11-28T04:43:20.670Z","level":"INFO","message":"Database synced successfully"}
{"timestamp":"2025-11-28T04:43:20.672Z","level":"INFO","message":"Server running on port 5000","data":{"port":"5000"}}
{"timestamp":"2025-11-28T04:43:21.607Z","level":"INFO","message":"[POST] /api/auth/login","data":{"method":"POST","path":"/api/auth/login","url":"/api/auth/login","ip":"::1","userAgent":"curl/8.5.0","headers":{"content-type":"application/json"}}}
{"timestamp":"2025-11-28T04:43:21.735Z","level":"INFO","message":"[POST] /api/auth/login - Status 200","data":{"statusCode":200,"duration":"127ms","responseBody":{"token":"eyJhbGciOiJIUzI1NiIsInR5cCI6IkpXVCJ9.eyJpZCI6MSwicm9sZSI6ImFkbWluIiwiaXNBZG1pbiI6dHJ1ZSwiaWF0IjoxNzY0MzA1MDAxLCJleHAiOjE3NjQzOTE0MDF9.qy1WInN3BdlMyMkPZoMKIhZDb5OztyttGK9td8Q1Whw"}}}
{"timestamp":"2025-11-28T04:43:21.735Z","level":"INFO","message":"[POST] /api/auth/login - Status 200","data":{"statusCode":200,"duration":"128ms"}}
{"timestamp":"2025-11-28T04:43:33.300Z","level":"INFO","message":"[POST] /api/auth/login","data":{"method":"POST","path":"/api/auth/login","url":"/api/auth/login","ip":"::1","userAgent":"curl/8.5.0","headers":{"content-type":"application/json"}}}
{"timestamp":"2025-11-28T04:43:33.305Z","level":"WARN","message":"[POST] /api/auth/login - Status 400","data":{"statusCode":400,"duration":"5ms","responseBody":{"message":"Expected property name or '}' in JSON at position 1 (line 1 column 2)","stack":"SyntaxError: Expected property name or '}' in JSON at position 1 (line 1 column 2)\n    at JSON.parse (<anonymous>)\n    at parse (/workspaces/baraton/backend/node_modules/body-parser/lib/types/json.js:92:19)\n    at /workspaces/baraton/backend/node_modules/body-parser/lib/read.js:128:18\n    at AsyncResource.runInAsyncScope (node:async_hooks:214:14)\n    at invokeCallback (/workspaces/baraton/backend/node_modules/raw-body/index.js:238:16)\n    at done (/workspaces/baraton/backend/node_modules/raw-body/index.js:227:7)\n    at IncomingMessage.onEnd (/workspaces/baraton/backend/node_modules/raw-body/index.js:287:7)\n    at IncomingMessage.emit (node:events:519:28)\n    at endReadableNT (node:internal/streams/readable:1698:12)\n    at process.processTicksAndRejections (node:internal/process/task_queues:90:21)"}}}
{"timestamp":"2025-11-28T04:43:33.305Z","level":"WARN","message":"[POST] /api/auth/login - Status 400","data":{"statusCode":400,"duration":"5ms"}}
{"timestamp":"2025-11-28T04:43:33.667Z","level":"INFO","message":"[GET] /api/admin/me","data":{"method":"GET","path":"/api/admin/me","url":"/api/admin/me","ip":"::1","userAgent":"curl/8.5.0","headers":{"authorization":"[REDACTED]"}}}
{"timestamp":"2025-11-28T04:43:33.667Z","level":"WARN","message":"[GET] /api/admin/me - Status 401","data":{"statusCode":401,"duration":"0ms","responseBody":{"message":"No token, authorization denied"}}}
{"timestamp":"2025-11-28T04:43:33.668Z","level":"WARN","message":"[GET] /api/admin/me - Status 401","data":{"statusCode":401,"duration":"1ms"}}
{"timestamp":"2025-11-28T04:44:03.620Z","level":"INFO","message":"[POST] /api/auth/login","data":{"method":"POST","path":"/api/auth/login","url":"/api/auth/login","ip":"::1","userAgent":"curl/8.5.0","headers":{"content-type":"application/json"}}}
{"timestamp":"2025-11-28T04:44:03.621Z","level":"WARN","message":"[POST] /api/auth/login - Status 400","data":{"statusCode":400,"duration":"1ms","responseBody":{"message":"Expected property name or '}' in JSON at position 1 (line 1 column 2)","stack":"SyntaxError: Expected property name or '}' in JSON at position 1 (line 1 column 2)\n    at JSON.parse (<anonymous>)\n    at parse (/workspaces/baraton/backend/node_modules/body-parser/lib/types/json.js:92:19)\n    at /workspaces/baraton/backend/node_modules/body-parser/lib/read.js:128:18\n    at AsyncResource.runInAsyncScope (node:async_hooks:214:14)\n    at invokeCallback (/workspaces/baraton/backend/node_modules/raw-body/index.js:238:16)\n    at done (/workspaces/baraton/backend/node_modules/raw-body/index.js:227:7)\n    at IncomingMessage.onEnd (/workspaces/baraton/backend/node_modules/raw-body/index.js:287:7)\n    at IncomingMessage.emit (node:events:519:28)\n    at endReadableNT (node:internal/streams/readable:1698:12)\n    at process.processTicksAndRejections (node:internal/process/task_queues:90:21)"}}}
{"timestamp":"2025-11-28T04:44:03.621Z","level":"WARN","message":"[POST] /api/auth/login - Status 400","data":{"statusCode":400,"duration":"1ms"}}
{"timestamp":"2025-11-28T04:44:03.779Z","level":"INFO","message":"[GET] /api/admin/me","data":{"method":"GET","path":"/api/admin/me","url":"/api/admin/me","ip":"::1","userAgent":"curl/8.5.0","headers":{"authorization":"[REDACTED]"}}}
{"timestamp":"2025-11-28T04:44:03.780Z","level":"WARN","message":"[GET] /api/admin/me - Status 401","data":{"statusCode":401,"duration":"1ms","responseBody":{"message":"No token, authorization denied"}}}
{"timestamp":"2025-11-28T04:44:03.780Z","level":"WARN","message":"[GET] /api/admin/me - Status 401","data":{"statusCode":401,"duration":"1ms"}}
{"timestamp":"2025-11-28T05:41:18.903Z","level":"INFO","message":"Database synced successfully"}
{"timestamp":"2025-11-28T05:41:18.905Z","level":"INFO","message":"Server running on port 5000","data":{"port":"5000"}}
{"timestamp":"2025-11-28T05:41:58.373Z","level":"INFO","message":"[GET] /api/lodging-bookings","data":{"method":"GET","path":"/api/lodging-bookings","url":"/api/lodging-bookings","ip":"::1","userAgent":"curl/8.5.0","headers":{}}}
{"timestamp":"2025-11-28T05:41:58.382Z","level":"INFO","message":"[GET] /api/lodging-bookings - Status 200","data":{"statusCode":200,"duration":"9ms","responseBody":[]}}
{"timestamp":"2025-11-28T05:41:58.383Z","level":"INFO","message":"[GET] /api/lodging-bookings - Status 200","data":{"statusCode":200,"duration":"10ms"}}
{"timestamp":"2025-11-28T05:42:24.134Z","level":"INFO","message":"[GET] /api/lodgings","data":{"method":"GET","path":"/api/lodgings","url":"/api/lodgings","ip":"::1","userAgent":"curl/8.5.0","headers":{}}}
{"timestamp":"2025-11-28T05:42:24.141Z","level":"INFO","message":"[GET] /api/lodgings - Status 200","data":{"statusCode":200,"duration":"7ms","responseBody":[{"id":1,"name":"Deluxe Room","type":"standard","occupancy":"2","price":100,"amenities":[],"image_urls":[],"description":"Spacious room with king bed","created_at":"2025-11-28T04:42:51.000Z","updated_at":"2025-11-28T04:42:51.000Z"},{"id":2,"name":"Standard Room","type":"standard","occupancy":"2","price":70,"amenities":[],"image_urls":[],"description":"Cozy room with queen bed","created_at":"2025-11-28T04:42:51.000Z","updated_at":"2025-11-28T04:42:51.000Z"}]}}
{"timestamp":"2025-11-28T05:42:24.142Z","level":"INFO","message":"[GET] /api/lodgings - Status 200","data":{"statusCode":200,"duration":"8ms"}}
{"timestamp":"2025-11-28T05:43:52.445Z","level":"INFO","message":"[POST] /api/lodging-bookings","data":{"method":"POST","path":"/api/lodging-bookings","url":"/api/lodging-bookings","ip":"::1","userAgent":"curl/8.5.0","headers":{"content-type":"application/json"}}}
{"timestamp":"2025-11-28T05:43:52.478Z","level":"INFO","message":"[POST] /api/lodging-bookings - Status 201","data":{"statusCode":201,"duration":"33ms","responseBody":{"status":"pending","id":1,"room_name":"Deluxe Room","room_type":"standard","room_occupancy":"2","room_price":100,"room_amenities":[],"room_image_urls":[],"room_description":"Spacious room with king bed","lodging_id":1,"start_date":"2025-12-01T00:00:00.000Z","end_date":"2025-12-03T00:00:00.000Z","guests":2,"guest_name":"Test User","guest_email":"test.user@example.com","guest_phone":"+254700000000","special_requests":"None","updatedAt":"2025-11-28T05:43:52.467Z","createdAt":"2025-11-28T05:43:52.467Z"}}}
{"timestamp":"2025-11-28T05:43:52.478Z","level":"INFO","message":"[POST] /api/lodging-bookings - Status 201","data":{"statusCode":201,"duration":"33ms"}}
{"timestamp":"2025-11-28T05:44:07.638Z","level":"INFO","message":"[POST] /api/payments/initiate","data":{"method":"POST","path":"/api/payments/initiate","url":"/api/payments/initiate","ip":"::1","userAgent":"curl/8.5.0","headers":{"content-type":"application/json"}}}
{"timestamp":"2025-11-28T05:44:08.326Z","level":"INFO","message":"[POST] /api/payments/initiate - Status 200","data":{"statusCode":200,"duration":"688ms","responseBody":{"authorization_url":"https://checkout.paystack.com/g4oeysyaijx7c0v","access_code":"g4oeysyaijx7c0v","reference":"BOB-1764308647644","payment":{"id":1,"booking_id":1,"booking_type":"lodging","amount":10000,"status":"pending","reference":"BOB-1764308647644","payer_email":"test.user@example.com","metadata":{"booking_id":1,"booking_type":"lodging","serverSnapshot":{"id":1,"lodging_id":1,"start_date":"2025-12-01T00:00:00.000Z","end_date":"2025-12-03T00:00:00.000Z","guests":2,"guest_name":"Test User","guest_email":"test.user@example.com","guest_phone":"+254700000000","special_requests":"None","status":"pending","reference":null,"room_name":"Deluxe Room","room_type":"standard","room_occupancy":"2","room_price":100,"room_amenities":[],"room_image_urls":[],"room_description":"Spacious room with king bed","createdAt":"2025-11-28T05:43:52.000Z","updatedAt":"2025-11-28T05:43:52.000Z","UserId":null,"LodgingId":null},"frontendDetails":{"room_type":"standard","room_occupancy":2},"initiated_at":"2025-11-28T05:44:07.644Z"},"updatedAt":"2025-11-28T05:44:08.320Z","createdAt":"2025-11-28T05:44:08.320Z"}}}}
{"timestamp":"2025-11-28T05:44:08.327Z","level":"INFO","message":"[POST] /api/payments/initiate - Status 200","data":{"statusCode":200,"duration":"689ms"}}
{"timestamp":"2025-11-28T05:44:39.233Z","level":"INFO","message":"[POST] /api/webhook","data":{"method":"POST","path":"/api/webhook","url":"/api/webhook","ip":"::1","userAgent":"curl/8.5.0","headers":{}}}
{"timestamp":"2025-11-28T05:45:46.277Z","level":"INFO","message":"Database synced successfully"}
{"timestamp":"2025-11-28T05:45:46.279Z","level":"INFO","message":"Server running on port 5000","data":{"port":"5000"}}
{"timestamp":"2025-11-28T05:47:03.884Z","level":"INFO","message":"Database synced successfully"}
{"timestamp":"2025-11-28T05:47:03.886Z","level":"INFO","message":"Server running on port 5000","data":{"port":"5000"}}
{"timestamp":"2025-11-28T05:47:32.150Z","level":"INFO","message":"[POST] /api/webhook","data":{"method":"POST","path":"/api/webhook","url":"/api/webhook","ip":"::1","userAgent":"curl/8.5.0","headers":{"content-type":"application/json"}}}
{"timestamp":"2025-11-28T05:47:32.153Z","level":"WARN","message":"[POST] /api/webhook - Status 400","data":{"statusCode":400,"duration":"4ms"}}
{"timestamp":"2025-11-28T05:48:18.219Z","level":"INFO","message":"[POST] /api/webhook","data":{"method":"POST","path":"/api/webhook","url":"/api/webhook","ip":"::1","userAgent":"curl/8.5.0","headers":{"content-type":"application/json"}}}
{"timestamp":"2025-11-28T05:48:18.221Z","level":"WARN","message":"[POST] /api/webhook - Status 400","data":{"statusCode":400,"duration":"2ms"}}
{"timestamp":"2025-11-28T06:54:28.764Z","level":"INFO","message":"Database synced successfully"}
{"timestamp":"2025-11-28T06:54:28.769Z","level":"INFO","message":"Server running on port 5000","data":{"port":"5000"}}
{"timestamp":"2025-11-28T07:06:09.521Z","level":"ERROR","message":"Database connection failed","data":{"error":"connect ECONNREFUSED 127.0.0.1:3306","host":"127.0.0.1","database":"baraton_dev"}}
{"timestamp":"2025-11-28T07:06:09.524Z","level":"INFO","message":"Server running on port 5000","data":{"port":"5000"}}
{"timestamp":"2025-11-28T07:10:29.371Z","level":"INFO","message":"[POST] /api/payments/initiate","data":{"method":"POST","path":"/api/payments/initiate","url":"/api/payments/initiate","ip":"::1","userAgent":"node","headers":{"content-type":"application/json"}}}
{"timestamp":"2025-11-28T07:10:30.026Z","level":"INFO","message":"[POST] /api/payments/initiate - Status 200","data":{"statusCode":200,"duration":"655ms","responseBody":{"authorization_url":"https://checkout.paystack.com/607siok6zo7levu","access_code":"607siok6zo7levu","reference":"BOB-1764313829382","payment":{"id":2,"booking_id":1,"booking_type":"lodging","amount":10000,"status":"pending","reference":"BOB-1764313829382","metadata":{"id":1,"name":"Deluxe Room","type":"lodging","room_type":"standard","occupancy":2,"price":100},"updatedAt":"2025-11-28T07:10:29.933Z","createdAt":"2025-11-28T07:10:29.933Z"}}}}
{"timestamp":"2025-11-28T07:10:30.026Z","level":"INFO","message":"[POST] /api/payments/initiate - Status 200","data":{"statusCode":200,"duration":"655ms"}}
{"timestamp":"2025-11-28T07:10:52.326Z","level":"INFO","message":"[POST] /api/webhook","data":{"method":"POST","path":"/api/webhook","url":"/api/webhook","ip":"::1","userAgent":"node","headers":{"content-type":"application/json"}}}
{"timestamp":"2025-11-28T07:10:52.355Z","level":"INFO","message":"[POST] /api/webhook - Status 200","data":{"statusCode":200,"duration":"29ms"}}
